// Jest Snapshot v1, https://goo.gl/fbAQLP

exports[`<Home /> should render a <Home /> 1`] = `
<div>
  <form
    action="#"
    class="sc-gKAaRy byIIAQ"
  >
    <label
      class="sc-iCoGMd kTOdHT"
      for="firstName"
    >
      First Name *
    </label>
    <input
      class="sc-fujyAs byvWZq"
      id="firstName"
      name="firstName"
      placeholder="John"
      value=""
    />
    <label
      class="sc-iCoGMd kTOdHT"
      for="lastName"
    >
      Last Name *
    </label>
    <input
      class="sc-fujyAs byvWZq"
      id="lastName"
      name="lastName"
      placeholder="Doe"
      value=""
    />
    <label
      class="sc-iCoGMd kTOdHT"
      for="phoneNumber"
    >
      Phone Number *
    </label>
    <input
      class="sc-fujyAs byvWZq"
      id="phoneNumber"
      name="phoneNumber"
      placeholder="0400000000"
      type="tel"
      value=""
    />
    <button
      class="sc-pNWdM jwsycl"
      type="submit"
    >
      Add Customer
    </button>
  </form>
  <div
    class="sc-bdnxRM dqByRi"
  >
    <table
      class="sc-gtsrHT chztWe"
    >
      <thead>
        <tr
          class="sc-hKFxyN kUEvVU"
        >
          <th
            class="sc-dlnjwi iBDsHx"
          >
            Id
          </th>
          <th
            class="sc-dlnjwi iBDsHx"
          >
            First Name
          </th>
          <th
            class="sc-dlnjwi iBDsHx"
          >
            Last Name
          </th>
          <th
            class="sc-dlnjwi iBDsHx"
          >
            Phone Number
          </th>
          <th
            class="sc-dlnjwi iBDsHx"
          >
            Action
          </th>
        </tr>
      </thead>
      <tbody>
        <tr
          class="sc-hKFxyN kUEvVU"
        >
          <td
            class="sc-eCApnc bgLJTS"
          >
            1
          </td>
          <td
            class="sc-eCApnc bgLJTS"
          >
            Charles
          </td>
          <td
            class="sc-eCApnc bgLJTS"
          >
            Babbage
          </td>
          <td
            class="sc-eCApnc bgLJTS"
          >
            0412 123 123
          </td>
          <td
            class="sc-eCApnc bgLJTS"
          >
            <button
              class="sc-jSFjdj glHaqL"
            >
              Delete
            </button>
          </td>
        </tr>
        <tr
          class="sc-hKFxyN kUEvVU"
        >
          <td
            class="sc-eCApnc bgLJTS"
          >
            2
          </td>
          <td
            class="sc-eCApnc bgLJTS"
          >
            Alan
          </td>
          <td
            class="sc-eCApnc bgLJTS"
          >
            Turing
          </td>
          <td
            class="sc-eCApnc bgLJTS"
          >
            (03) 9599 1234
          </td>
          <td
            class="sc-eCApnc bgLJTS"
          >
            <button
              class="sc-jSFjdj glHaqL"
            >
              Delete
            </button>
          </td>
        </tr>
        <tr
          class="sc-hKFxyN kUEvVU"
        >
          <td
            class="sc-eCApnc bgLJTS"
          >
            3
          </td>
          <td
            class="sc-eCApnc bgLJTS"
          >
            Ada
          </td>
          <td
            class="sc-eCApnc bgLJTS"
          >
            Lovelace
          </td>
          <td
            class="sc-eCApnc bgLJTS"
          >
            +61 423 345 567
          </td>
          <td
            class="sc-eCApnc bgLJTS"
          >
            <button
              class="sc-jSFjdj glHaqL"
            >
              Delete
            </button>
          </td>
        </tr>
      </tbody>
    </table>
  </div>
</div>
`;
