// Jest Snapshot v1, https://goo.gl/fbAQLP

exports[`<Customer /> should render a <Customer /> 1`] = `
<div>
  <div
    class="sc-aXZVg bPyiSZ"
  >
    <h2
      class="sc-gEvEer eIdRVW"
    >
      Test
       
      Tester
    </h2>
    <p
      class="sc-eqUAAy bEjATU"
    >
      Phone number: 
      00000000
    </p>
    <button
      class="sc-fqkvVR dAvLEF"
    >
      Delete
    </button>
  </div>
</div>
`;
